// Jest Snapshot v1, https://goo.gl/fbAQLP

exports[`renders correctly 1`] = `
<div
  style={
    Object {
      "textAlign": "center",
    }
  }
>
  <div
    style={
      Object {
        "fontSize": "5em",
        "fontWeight": "bold",
      }
    }
  >
    4
    <span
      aria-label="0"
      role="img"
    >
      ðŸ˜¯
    </span>
    4
  </div>
  <div
    className="bold"
  >
    page not found
  </div>
</div>
`;
